Archive member included because of file (symbol)

/Users/tennis/Library/Application Support/Pebble SDK/SDKs/current/sdk-core/pebble/aplite/lib/libpebble.a(tmp7jpKUopebble.o)
                              src/c/main.c.25.o (app_event_loop)

Discarded input sections

 .text          0x0000000000000000        0x0 /usr/local/Cellar/pebble-toolchain/2.0/arm-cs-tools/bin/../lib/gcc/arm-none-eabi/4.7.2/thumb2/crti.o
 .bss           0x0000000000000000        0x0 /usr/local/Cellar/pebble-toolchain/2.0/arm-cs-tools/bin/../lib/gcc/arm-none-eabi/4.7.2/thumb2/crti.o
 .init          0x0000000000000000        0x4 /usr/local/Cellar/pebble-toolchain/2.0/arm-cs-tools/bin/../lib/gcc/arm-none-eabi/4.7.2/thumb2/crti.o
 .fini          0x0000000000000000        0x4 /usr/local/Cellar/pebble-toolchain/2.0/arm-cs-tools/bin/../lib/gcc/arm-none-eabi/4.7.2/thumb2/crti.o
 .text          0x0000000000000000       0xc8 /usr/local/Cellar/pebble-toolchain/2.0/arm-cs-tools/bin/../lib/gcc/arm-none-eabi/4.7.2/thumb2/crtbegin.o
 .bss           0x0000000000000000       0x1c /usr/local/Cellar/pebble-toolchain/2.0/arm-cs-tools/bin/../lib/gcc/arm-none-eabi/4.7.2/thumb2/crtbegin.o
 .init_array    0x0000000000000000        0x4 /usr/local/Cellar/pebble-toolchain/2.0/arm-cs-tools/bin/../lib/gcc/arm-none-eabi/4.7.2/thumb2/crtbegin.o
 .fini_array    0x0000000000000000        0x4 /usr/local/Cellar/pebble-toolchain/2.0/arm-cs-tools/bin/../lib/gcc/arm-none-eabi/4.7.2/thumb2/crtbegin.o
 .eh_frame      0x0000000000000000        0x0 /usr/local/Cellar/pebble-toolchain/2.0/arm-cs-tools/bin/../lib/gcc/arm-none-eabi/4.7.2/thumb2/crtbegin.o
 .jcr           0x0000000000000000        0x0 /usr/local/Cellar/pebble-toolchain/2.0/arm-cs-tools/bin/../lib/gcc/arm-none-eabi/4.7.2/thumb2/crtbegin.o
 .tm_clone_table
                0x0000000000000000        0x0 /usr/local/Cellar/pebble-toolchain/2.0/arm-cs-tools/bin/../lib/gcc/arm-none-eabi/4.7.2/thumb2/crtbegin.o
 .text          0x0000000000000000        0x0 src/c/constants.c.25.o
 .bss           0x0000000000000000        0x0 src/c/constants.c.25.o
 .text          0x0000000000000000        0x0 src/c/dialog_choice_window.c.25.o
 .bss           0x0000000000000000        0x0 src/c/dialog_choice_window.c.25.o
 .text          0x0000000000000000        0x0 src/c/main.c.25.o
 .bss           0x0000000000000000        0x0 src/c/main.c.25.o
 .text          0x0000000000000000        0x0 src/c/menuHandler.c.25.o
 .bss           0x0000000000000000        0x0 src/c/menuHandler.c.25.o
 .text          0x0000000000000000        0x0 src/c/testDetails.c.25.o
 .bss           0x0000000000000000        0x0 src/c/testDetails.c.25.o
 .text.basicStartStopTest
                0x0000000000000000       0xb0 src/c/testDetails.c.25.o
 .text.testPaused
                0x0000000000000000       0xa4 src/c/testDetails.c.25.o
 .text.testReset
                0x0000000000000000      0x108 src/c/testDetails.c.25.o
 .text.testFinish
                0x0000000000000000       0x88 src/c/testDetails.c.25.o
 .text.testFinishRound2
                0x0000000000000000       0x8c src/c/testDetails.c.25.o
 .text.testProjectedFinish
                0x0000000000000000       0x88 src/c/testDetails.c.25.o
 .text.testProjectedFinish2
                0x0000000000000000       0x70 src/c/testDetails.c.25.o
 .text.testProjectedFinish3
                0x0000000000000000       0x5c src/c/testDetails.c.25.o
 .text.testCurrentReplannedLapTime
                0x0000000000000000       0x88 src/c/testDetails.c.25.o
 .text.testCurrentReplannedLapTime2
                0x0000000000000000       0x5c src/c/testDetails.c.25.o
 .text.testCurrentReplannedLapTime3
                0x0000000000000000       0x60 src/c/testDetails.c.25.o
 .text.testDisplayMessage
                0x0000000000000000       0x40 src/c/testDetails.c.25.o
 .text.testRecordingSplitTimes
                0x0000000000000000       0x98 src/c/testDetails.c.25.o
 .text.testRecordingSplitTimes2
                0x0000000000000000       0xe4 src/c/testDetails.c.25.o
 .text.testGetTimeStrings
                0x0000000000000000       0x74 src/c/testDetails.c.25.o
 .text.testExisting
                0x0000000000000000        0x4 src/c/testDetails.c.25.o
 .text.testTimeCalculator
                0x0000000000000000        0x4 src/c/testDetails.c.25.o
 .rodata        0x0000000000000000       0xc8 src/c/testDetails.c.25.o
 .text          0x0000000000000000        0x0 src/c/testMain.c.25.o
 .bss           0x0000000000000000        0x0 src/c/testMain.c.25.o
 .text          0x0000000000000000        0x0 src/c/timeCalculator.c.25.o
 .bss           0x0000000000000000        0x0 src/c/timeCalculator.c.25.o
 .text.setCountDownBands
                0x0000000000000000       0x28 src/c/timeCalculator.c.25.o
 .text.setLastBandPercentOfMax
                0x0000000000000000        0xc src/c/timeCalculator.c.25.o
 .text.getIsStarted
                0x0000000000000000       0x14 src/c/timeCalculator.c.25.o
 .text.setPaused
[...]
Memory Configuration

Name             Origin             Length             Attributes
APP              0x0000000000000000 0x0000000000006000 xrw
*default*        0x0000000000000000 0xffffffffffffffff

Linker script and memory map

LOAD /usr/local/Cellar/pebble-toolchain/2.0/arm-cs-tools/bin/../lib/gcc/arm-none-eabi/4.7.2/thumb2/crti.o
LOAD /usr/local/Cellar/pebble-toolchain/2.0/arm-cs-tools/bin/../lib/gcc/arm-none-eabi/4.7.2/thumb2/crtbegin.o
LOAD src/c/constants.c.25.o
LOAD src/c/dialog_choice_window.c.25.o
LOAD src/c/main.c.25.o
LOAD src/c/menuHandler.c.25.o
LOAD src/c/testDetails.c.25.o
LOAD src/c/testMain.c.25.o
LOAD src/c/timeCalculator.c.25.o
LOAD aplite/appinfo.auto.c.25.o
LOAD aplite/src/resource_ids.auto.c.25.o
LOAD /Users/tennis/Library/Application Support/Pebble SDK/SDKs/current/sdk-core/pebble/aplite/lib/libpebble.a
START GROUP
LOAD /usr/local/Cellar/pebble-toolchain/2.0/arm-cs-tools/bin/../lib/gcc/arm-none-eabi/4.7.2/thumb2/libgcc.a
LOAD /usr/local/Cellar/pebble-toolchain/2.0/arm-cs-tools/bin/../lib/gcc/arm-none-eabi/4.7.2/../../../../arm-none-eabi/lib/thumb2/libc.a
END GROUP
LOAD /usr/local/Cellar/pebble-toolchain/2.0/arm-cs-tools/bin/../lib/gcc/arm-none-eabi/4.7.2/thumb2/crtend.o
LOAD /usr/local/Cellar/pebble-toolchain/2.0/arm-cs-tools/bin/../lib/gcc/arm-none-eabi/4.7.2/thumb2/crtn.o

.header         0x0000000000000000       0x82
 *(.pbl_header)
 .pbl_header    0x0000000000000000       0x82 aplite/appinfo.auto.c.25.o
                0x0000000000000000                __pbl_app_info

.note.gnu.build-id
                0x0000000000000082       0x26
                0x0000000000000082                PROVIDE (BUILD_ID, .)
 *(.note.gnu.build-id)
 *fill*         0x0000000000000082        0x2 
 .note.gnu.build-id
                0x0000000000000084       0x24 linker stubs

.text           0x00000000000000a8     0x19ff
 *(.text)
 .text          0x00000000000000a8       0x14 /Users/tennis/Library/Application Support/Pebble SDK/SDKs/current/sdk-core/pebble/aplite/lib/libpebble.a(tmp7jpKUopebble.o)
 *(.text.*)
 .text.getTimeFromDs
                0x00000000000000bc       0x14 src/c/constants.c.25.o
                0x00000000000000bc                getTimeFromDs
 .text.getTimeDsFromTime
                0x00000000000000d0       0x1c src/c/constants.c.25.o
                0x00000000000000d0                getTimeDsFromTime
 .text.getTimeDs
                0x00000000000000ec       0x1e src/c/constants.c.25.o
                0x00000000000000ec                getTimeDs
 *fill*         0x000000000000010a        0x2 
 .text.dialog_choice_window_load
                0x000000000000010c      0x134 src/c/dialog_choice_window.c.25.o
                0x000000000000010c                dialog_choice_window_load
 .text.dialog_choice_window_unload
                0x0000000000000240       0x5c src/c/dialog_choice_window.c.25.o
                0x0000000000000240                dialog_choice_window_unload
 .text.empty_click_config_provider
                0x000000000000029c        0x2 src/c/main.c.25.o
 .text.emptyCP  0x000000000000029e        0x2 src/c/main.c.25.o
 .text.empty_click_handler
                0x00000000000002a0        0x2 src/c/main.c.25.o
 *fill*         0x00000000000002a2        0x2 
 .text.yes_no_click_config_provider
                0x00000000000002a4       0x24 src/c/main.c.25.o
 .text.lap_times_click_config_provider
                0x00000000000002c8       0x10 src/c/main.c.25.o
 .text.yes_no_down_click_handler
                0x00000000000002d8        0x6 src/c/main.c.25.o
 *fill*         0x00000000000002de        0x2 
 .text.select_click_handler
                0x00000000000002e0       0x14 src/c/main.c.25.o
 .text.main_down_click_handler
                0x00000000000002f4       0x14 src/c/main.c.25.o
 .text.main_up_click_handler
                0x0000000000000308       0x14 src/c/main.c.25.o
 .text.tick_handler
                0x000000000000031c       0x14 src/c/main.c.25.o
 .text.main_click_config_provider
                0x0000000000000330       0x44 src/c/main.c.25.o
 .text.set_action_icons
                0x0000000000000374       0x88 src/c/main.c.25.o
 .text.yes_no_up_click_handler
                0x00000000000003fc       0x30 src/c/main.c.25.o
 .text.resetPausedCP
                0x000000000000042c       0x10 src/c/main.c.25.o
 .text.setPausedCP
                0x000000000000043c       0x10 src/c/main.c.25.o
 .text.initialStartCP
                0x000000000000044c       0x10 src/c/main.c.25.o
 .text.addTextLayers
                0x000000000000045c      0x10c src/c/main.c.25.o
 .text.invalid_state_window_load
                0x0000000000000568       0x14 src/c/main.c.25.o
 .text.data_received_window_load
                0x000000000000057c       0x14 src/c/main.c.25.o
 .text.lapTimes_window_load
                0x0000000000000590       0x20 src/c/main.c.25.o
 .text.projected_window_load
                0x00000000000005b0       0xa4 src/c/main.c.25.o
 .text.main_window_load
                0x0000000000000654      0x1a8 src/c/main.c.25.o
 .text.singleBuzz
                0x00000000000007fc        0x4 src/c/main.c.25.o
 .text.drawSingleLine
                0x0000000000000800       0x54 src/c/main.c.25.o
 .text.pointer_layer_update_callback
                0x0000000000000854       0x90 src/c/main.c.25.o
                0x0000000000000854                pointer_layer_update_callback
 .text.main_window_stack_push
                0x00000000000008e4       0x30 src/c/main.c.25.o
 .text.clearDataCP
                0x0000000000000914        0x6 src/c/main.c.25.o
 .text.changeDisplayPlannedOrActualTimes.isra.1
                0x000000000000091a       0x3e src/c/main.c.25.o
 .text.runningStartCP
                0x0000000000000958       0x48 src/c/main.c.25.o
 .text.plannedCP
                0x00000000000009a0        0xe src/c/main.c.25.o
 *fill*         0x00000000000009ae        0x2 
 .text.showBandAndCountdownTH
                0x00000000000009b0       0xc8 src/c/main.c.25.o
 .text.getWindowIndexFromWindow
                0x0000000000000a78       0x20 src/c/main.c.25.o
                0x0000000000000a78                getWindowIndexFromWindow
 .text.window_unload
                0x0000000000000a98       0x54 src/c/main.c.25.o
 .text.startup.main
                0x0000000000000aec      0x160 src/c/main.c.25.o
                0x0000000000000aec                main
 .text.menu_get_num_sections_callback
                0x0000000000000c4c        0x4 src/c/menuHandler.c.25.o
 .text.menu_get_num_rows_callback
                0x0000000000000c50       0x1c src/c/menuHandler.c.25.o
 .text.menu_get_header_height_callback
                0x0000000000000c6c        0x4 src/c/menuHandler.c.25.o
 .text.menu_get_cell_height_callback
                0x0000000000000c70        0x4 src/c/menuHandler.c.25.o
 .text.menu_select_callback
                0x0000000000000c74        0x2 src/c/menuHandler.c.25.o
 *fill*         0x0000000000000c76        0x2 
 .text.menu_draw_header_callback
                0x0000000000000c78       0x44 src/c/menuHandler.c.25.o
 .text.setShowActualTimes
                0x0000000000000cbc       0x10 src/c/menuHandler.c.25.o
                0x0000000000000cbc                setShowActualTimes
 .text.setShowPlannedTimes
                0x0000000000000ccc       0x10 src/c/menuHandler.c.25.o
                0x0000000000000ccc                setShowPlannedTimes
 .text.getTimeFromFormat
                0x0000000000000cdc       0x78 src/c/menuHandler.c.25.o
                0x0000000000000cdc                getTimeFromFormat
 .text.getTimeFromTimeT
                0x0000000000000d54       0x70 src/c/menuHandler.c.25.o
                0x0000000000000d54                getTimeFromTimeT
 .text.menu_draw_row_callback
                0x0000000000000dc4      0x13c src/c/menuHandler.c.25.o
 .text.loadMenu
                0x0000000000000f00       0xbc src/c/menuHandler.c.25.o
                0x0000000000000f00                loadMenu
 .text.lapTimes_window_unload
                0x0000000000000fbc       0x10 src/c/menuHandler.c.25.o
                0x0000000000000fbc                lapTimes_window_unload
 .text.setTimes
                0x0000000000000fcc       0x74 src/c/menuHandler.c.25.o
                0x0000000000000fcc                setTimes
 .text.getTimeDeltaFn
                0x0000000000001040       0x20 src/c/timeCalculator.c.25.o
                0x0000000000001040                getTimeDeltaFn
 .text.initialsetStartFn
                0x0000000000001060       0x34 src/c/timeCalculator.c.25.o
                0x0000000000001060                initialsetStartFn
 .text.initialPausedFn
                0x0000000000001094       0x20 src/c/timeCalculator.c.25.o
                0x0000000000001094                initialPausedFn
 .text.clearPausedFn
                0x00000000000010b4       0x40 src/c/timeCalculator.c.25.o
                0x00000000000010b4                clearPausedFn
 .text.getDisplayTimeFn
                0x00000000000010f4       0x40 src/c/timeCalculator.c.25.o
                0x00000000000010f4                getDisplayTimeFn
 .text.getPercentCompleteTimes10Fn
                0x0000000000001134       0x1c src/c/timeCalculator.c.25.o
                0x0000000000001134                getPercentCompleteTimes10Fn
 .text.getCounDownBands
                0x0000000000001150        0xc src/c/timeCalculator.c.25.o
                0x0000000000001150                getCounDownBands
 .text.getTimeForBand
                0x000000000000115c       0x10 src/c/timeCalculator.c.25.o
                0x000000000000115c                getTimeForBand
 .text.getIsPaused
                0x000000000000116c       0x14 src/c/timeCalculator.c.25.o
                0x000000000000116c                getIsPaused
 .text.getElapsedTime
                0x0000000000001180       0x24 src/c/timeCalculator.c.25.o
                0x0000000000001180                getElapsedTime
 .text.getCurrrentBandAndSmallElapsed
                0x00000000000011a4       0x60 src/c/timeCalculator.c.25.o
                0x00000000000011a4                getCurrrentBandAndSmallElapsed
 .text.getRemaingAndBandTime
                0x0000000000001204       0x40 src/c/timeCalculator.c.25.o
                0x0000000000001204                getRemaingAndBandTime
 .text.getIndexOfFirstZeroActualTime
                0x0000000000001244       0x1c src/c/timeCalculator.c.25.o
                0x0000000000001244                getIndexOfFirstZeroActualTime
 .text.getPreviousTotalActualTime
                0x0000000000001260       0x20 src/c/timeCalculator.c.25.o
                0x0000000000001260                getPreviousTotalActualTime
 .text.populateActualTimes
                0x0000000000001280       0xdc src/c/timeCalculator.c.25.o
                0x0000000000001280                populateActualTimes
 .text.runningStartFn
                0x000000000000135c       0x78 src/c/timeCalculator.c.25.o
                0x000000000000135c                runningStartFn
 .text.getActualTime
                0x00000000000013d4       0x10 src/c/timeCalculator.c.25.o
                0x00000000000013d4                getActualTime
 .text.initDisplayTime
                0x00000000000013e4       0xa4 src/c/timeCalculator.c.25.o
                0x00000000000013e4                initDisplayTime
 .text.togglePaused
                0x0000000000001488       0x10 src/c/timeCalculator.c.25.o
                0x0000000000001488                togglePaused
 .text.getCurrentPlannedLapTime
                0x0000000000001498       0x20 src/c/timeCalculator.c.25.o
                0x0000000000001498                getCurrentPlannedLapTime
 .text.getCountDownBand
                0x00000000000014b8       0x1c src/c/timeCalculator.c.25.o
                0x00000000000014b8                getCountDownBand
 .text.getRealElapsedTime
                0x00000000000014d4       0x30 src/c/timeCalculator.c.25.o
                0x00000000000014d4                getRealElapsedTime
 .text.getProjectedFinishTime
                0x0000000000001504       0x3c src/c/timeCalculator.c.25.o
                0x0000000000001504                getProjectedFinishTime
 .text.getDisplayTime
                0x0000000000001540       0x20 src/c/timeCalculator.c.25.o
                0x0000000000001540                getDisplayTime
 .text.getPercentCompleteTimes10
                0x0000000000001560        0xc src/c/timeCalculator.c.25.o
                0x0000000000001560                getPercentCompleteTimes10
 .text.setStart
                0x000000000000156c       0x10 src/c/timeCalculator.c.25.o
                0x000000000000156c                setStart
 .text.getIsFinished
                0x000000000000157c       0x44 src/c/timeCalculator.c.25.o
                0x000000000000157c                getIsFinished
 .text.app_event_loop
                0x00000000000015c0        0xc /Users/tennis/Library/Application Support/Pebble SDK/SDKs/current/sdk-core/pebble/aplite/lib/libpebble.a(tmp7jpKUopebble.o)
                0x00000000000015c0                app_event_loop
 .text.app_log  0x00000000000015cc        0xc /Users/tennis/Library/Application Support/Pebble SDK/SDKs/current/sdk-core/pebble/aplite/lib/libpebble.a(tmp7jpKUopebble.o)
                0x00000000000015cc                app_log
 .text.bitmap_layer_create
                0x00000000000015d8        0xc /Users/tennis/Library/Application Support/Pebble SDK/SDKs/current/sdk-core/pebble/aplite/lib/libpebble.a(tmp7jpKUopebble.o)
                0x00000000000015d8                bitmap_layer_create
 .text.bitmap_layer_destroy
                0x00000000000015e4        0xc /Users/tennis/Library/Application Support/Pebble SDK/SDKs/current/sdk-core/pebble/aplite/lib/libpebble.a(tmp7jpKUopebble.o)
                0x00000000000015e4                bitmap_layer_destroy
 .text.bitmap_layer_get_layer
                0x00000000000015f0        0xc /Users/tennis/Library/Application Support/Pebble SDK/SDKs/current/sdk-core/pebble/aplite/lib/libpebble.a(tmp7jpKUopebble.o)
                0x00000000000015f0                bitmap_layer_get_layer
 .text.bitmap_layer_set_bitmap
                0x00000000000015fc        0xc /Users/tennis/Library/Application Support/Pebble SDK/SDKs/current/sdk-core/pebble/aplite/lib/libpebble.a(tmp7jpKUopebble.o)
                0x00000000000015fc                bitmap_layer_set_bitmap
 .text.bitmap_layer_set_compositing_mode
                0x0000000000001608        0xc /Users/tennis/Library/Application Support/Pebble SDK/SDKs/current/sdk-core/pebble/aplite/lib/libpebble.a(tmp7jpKUopebble.o)
                0x0000000000001608                bitmap_layer_set_compositing_mode
 .text.fonts_get_system_font
                0x0000000000001614        0xc /Users/tennis/Library/Application Support/Pebble SDK/SDKs/current/sdk-core/pebble/aplite/lib/libpebble.a(tmp7jpKUopebble.o)
                0x0000000000001614                fonts_get_system_font
 .text.gbitmap_create_with_resource
                0x0000000000001620        0xc /Users/tennis/Library/Application Support/Pebble SDK/SDKs/current/sdk-core/pebble/aplite/lib/libpebble.a(tmp7jpKUopebble.o)
                0x0000000000001620                gbitmap_create_with_resource
 .text.gbitmap_destroy
                0x000000000000162c        0xc /Users/tennis/Library/Application Support/Pebble SDK/SDKs/current/sdk-core/pebble/aplite/lib/libpebble.a(tmp7jpKUopebble.o)
                0x000000000000162c                gbitmap_destroy
 .text.gmtime   0x0000000000001638        0xc /Users/tennis/Library/Application Support/Pebble SDK/SDKs/current/sdk-core/pebble/aplite/lib/libpebble.a(tmp7jpKUopebble.o)
                0x0000000000001638                gmtime
 .text.graphics_draw_line
                0x0000000000001644        0xc /Users/tennis/Library/Application Support/Pebble SDK/SDKs/current/sdk-core/pebble/aplite/lib/libpebble.a(tmp7jpKUopebble.o)
                0x0000000000001644                graphics_draw_line
 .text.graphics_fill_circle
                0x0000000000001650        0xc /Users/tennis/Library/Application Support/Pebble SDK/SDKs/current/sdk-core/pebble/aplite/lib/libpebble.a(tmp7jpKUopebble.o)
                0x0000000000001650                graphics_fill_circle
 .text.layer_add_child
                0x000000000000165c        0xc /Users/tennis/Library/Application Support/Pebble SDK/SDKs/current/sdk-core/pebble/aplite/lib/libpebble.a(tmp7jpKUopebble.o)
                0x000000000000165c                layer_add_child
 .text.layer_create
                0x0000000000001668        0xc /Users/tennis/Library/Application Support/Pebble SDK/SDKs/current/sdk-core/pebble/aplite/lib/libpebble.a(tmp7jpKUopebble.o)
                0x0000000000001668                layer_create
 .text.layer_destroy
                0x0000000000001674        0xc /Users/tennis/Library/Application Support/Pebble SDK/SDKs/current/sdk-core/pebble/aplite/lib/libpebble.a(tmp7jpKUopebble.o)
                0x0000000000001674                layer_destroy
 .text.layer_get_bounds
                0x0000000000001680        0xc /Users/tennis/Library/Application Support/Pebble SDK/SDKs/current/sdk-core/pebble/aplite/lib/libpebble.a(tmp7jpKUopebble.o)
                0x0000000000001680                layer_get_bounds
 .text.layer_get_frame
                0x000000000000168c        0xc /Users/tennis/Library/Application Support/Pebble SDK/SDKs/current/sdk-core/pebble/aplite/lib/libpebble.a(tmp7jpKUopebble.o)
                0x000000000000168c                layer_get_frame
 .text.layer_set_update_proc
                0x0000000000001698        0xc /Users/tennis/Library/Application Support/Pebble SDK/SDKs/current/sdk-core/pebble/aplite/lib/libpebble.a(tmp7jpKUopebble.o)
                0x0000000000001698                layer_set_update_proc
 .text.memset   0x00000000000016a4        0xc /Users/tennis/Library/Application Support/Pebble SDK/SDKs/current/sdk-core/pebble/aplite/lib/libpebble.a(tmp7jpKUopebble.o)
                0x00000000000016a4                memset
 .text.menu_cell_basic_draw
                0x00000000000016b0        0xc /Users/tennis/Library/Application Support/Pebble SDK/SDKs/current/sdk-core/pebble/aplite/lib/libpebble.a(tmp7jpKUopebble.o)
                0x00000000000016b0                menu_cell_basic_draw
 .text.menu_cell_basic_header_draw
                0x00000000000016bc        0xc /Users/tennis/Library/Application Support/Pebble SDK/SDKs/current/sdk-core/pebble/aplite/lib/libpebble.a(tmp7jpKUopebble.o)
                0x00000000000016bc                menu_cell_basic_header_draw
 .text.menu_layer_destroy
                0x00000000000016c8        0xc /Users/tennis/Library/Application Support/Pebble SDK/SDKs/current/sdk-core/pebble/aplite/lib/libpebble.a(tmp7jpKUopebble.o)
                0x00000000000016c8                menu_layer_destroy
 .text.menu_layer_get_layer
                0x00000000000016d4        0xc /Users/tennis/Library/Application Support/Pebble SDK/SDKs/current/sdk-core/pebble/aplite/lib/libpebble.a(tmp7jpKUopebble.o)
                0x00000000000016d4                menu_layer_get_layer
 .text.menu_layer_set_click_config_onto_window
                0x00000000000016e0        0xc /Users/tennis/Library/Application Support/Pebble SDK/SDKs/current/sdk-core/pebble/aplite/lib/libpebble.a(tmp7jpKUopebble.o)
                0x00000000000016e0                menu_layer_set_click_config_onto_window
 .text.snprintf
                0x00000000000016ec        0xc /Users/tennis/Library/Application Support/Pebble SDK/SDKs/current/sdk-core/pebble/aplite/lib/libpebble.a(tmp7jpKUopebble.o)
                0x00000000000016ec                snprintf
 .text.strcpy   0x00000000000016f8        0xc /Users/tennis/Library/Application Support/Pebble SDK/SDKs/current/sdk-core/pebble/aplite/lib/libpebble.a(tmp7jpKUopebble.o)
                0x00000000000016f8                strcpy
 .text.strftime
                0x0000000000001704        0xc /Users/tennis/Library/Application Support/Pebble SDK/SDKs/current/sdk-core/pebble/aplite/lib/libpebble.a(tmp7jpKUopebble.o)
                0x0000000000001704                strftime
 .text.tick_timer_service_subscribe
                0x0000000000001710        0xc /Users/tennis/Library/Application Support/Pebble SDK/SDKs/current/sdk-core/pebble/aplite/lib/libpebble.a(tmp7jpKUopebble.o)
                0x0000000000001710                tick_timer_service_subscribe
 .text.vibes_short_pulse
                0x000000000000171c        0xc /Users/tennis/Library/Application Support/Pebble SDK/SDKs/current/sdk-core/pebble/aplite/lib/libpebble.a(tmp7jpKUopebble.o)
                0x000000000000171c                vibes_short_pulse
 .text.window_create
                0x0000000000001728        0xc /Users/tennis/Library/Application Support/Pebble SDK/SDKs/current/sdk-core/pebble/aplite/lib/libpebble.a(tmp7jpKUopebble.o)
                0x0000000000001728                window_create
 .text.window_destroy
                0x0000000000001734        0xc /Users/tennis/Library/Application Support/Pebble SDK/SDKs/current/sdk-core/pebble/aplite/lib/libpebble.a(tmp7jpKUopebble.o)
                0x0000000000001734                window_destroy
 .text.window_get_root_layer
                0x0000000000001740        0xc /Users/tennis/Library/Application Support/Pebble SDK/SDKs/current/sdk-core/pebble/aplite/lib/libpebble.a(tmp7jpKUopebble.o)
                0x0000000000001740                window_get_root_layer
 .text.window_set_click_config_provider
                0x000000000000174c        0xc /Users/tennis/Library/Application Support/Pebble SDK/SDKs/current/sdk-core/pebble/aplite/lib/libpebble.a(tmp7jpKUopebble.o)
                0x000000000000174c                window_set_click_config_provider
 .text.window_set_window_handlers
                0x0000000000001758        0xc /Users/tennis/Library/Application Support/Pebble SDK/SDKs/current/sdk-core/pebble/aplite/lib/libpebble.a(tmp7jpKUopebble.o)
                0x0000000000001758                window_set_window_handlers
 .text.window_stack_contains_window
                0x0000000000001764        0xc /Users/tennis/Library/Application Support/Pebble SDK/SDKs/current/sdk-core/pebble/aplite/lib/libpebble.a(tmp7jpKUopebble.o)
                0x0000000000001764                window_stack_contains_window
 .text.window_stack_get_top_window
                0x0000000000001770        0xc /Users/tennis/Library/Application Support/Pebble SDK/SDKs/current/sdk-core/pebble/aplite/lib/libpebble.a(tmp7jpKUopebble.o)
                0x0000000000001770                window_stack_get_top_window
 .text.window_stack_pop
                0x000000000000177c        0xc /Users/tennis/Library/Application Support/Pebble SDK/SDKs/current/sdk-core/pebble/aplite/lib/libpebble.a(tmp7jpKUopebble.o)
                0x000000000000177c                window_stack_pop
 .text.window_stack_push
                0x0000000000001788        0xc /Users/tennis/Library/Application Support/Pebble SDK/SDKs/current/sdk-core/pebble/aplite/lib/libpebble.a(tmp7jpKUopebble.o)
                0x0000000000001788                window_stack_push
 .text.window_long_click_subscribe
                0x0000000000001794        0xc /Users/tennis/Library/Application Support/Pebble SDK/SDKs/current/sdk-core/pebble/aplite/lib/libpebble.a(tmp7jpKUopebble.o)
                0x0000000000001794                window_long_click_subscribe
 .text.window_single_click_subscribe
                0x00000000000017a0        0xc /Users/tennis/Library/Application Support/Pebble SDK/SDKs/current/sdk-core/pebble/aplite/lib/libpebble.a(tmp7jpKUopebble.o)
                0x00000000000017a0                window_single_click_subscribe
 .text.graphics_context_set_fill_color
                0x00000000000017ac        0xc /Users/tennis/Library/Application Support/Pebble SDK/SDKs/current/sdk-core/pebble/aplite/lib/libpebble.a(tmp7jpKUopebble.o)
                0x00000000000017ac                graphics_context_set_fill_color
 .text.graphics_context_set_stroke_color
                0x00000000000017b8        0xc /Users/tennis/Library/Application Support/Pebble SDK/SDKs/current/sdk-core/pebble/aplite/lib/libpebble.a(tmp7jpKUopebble.o)
                0x00000000000017b8                graphics_context_set_stroke_color
 .text.window_set_background_color
                0x00000000000017c4        0xc /Users/tennis/Library/Application Support/Pebble SDK/SDKs/current/sdk-core/pebble/aplite/lib/libpebble.a(tmp7jpKUopebble.o)
                0x00000000000017c4                window_set_background_color
 .text.menu_layer_create
                0x00000000000017d0        0xc /Users/tennis/Library/Application Support/Pebble SDK/SDKs/current/sdk-core/pebble/aplite/lib/libpebble.a(tmp7jpKUopebble.o)
                0x00000000000017d0                menu_layer_create
 .text.action_bar_layer_add_to_window
                0x00000000000017dc        0xc /Users/tennis/Library/Application Support/Pebble SDK/SDKs/current/sdk-core/pebble/aplite/lib/libpebble.a(tmp7jpKUopebble.o)
                0x00000000000017dc                action_bar_layer_add_to_window
 .text.action_bar_layer_create
                0x00000000000017e8        0xc /Users/tennis/Library/Application Support/Pebble SDK/SDKs/current/sdk-core/pebble/aplite/lib/libpebble.a(tmp7jpKUopebble.o)
                0x00000000000017e8                action_bar_layer_create
 .text.action_bar_layer_destroy
                0x00000000000017f4        0xc /Users/tennis/Library/Application Support/Pebble SDK/SDKs/current/sdk-core/pebble/aplite/lib/libpebble.a(tmp7jpKUopebble.o)
                0x00000000000017f4                action_bar_layer_destroy
 .text.action_bar_layer_set_icon
                0x0000000000001800        0xc /Users/tennis/Library/Application Support/Pebble SDK/SDKs/current/sdk-core/pebble/aplite/lib/libpebble.a(tmp7jpKUopebble.o)
                0x0000000000001800                action_bar_layer_set_icon
 .text.text_layer_create
                0x000000000000180c        0xc /Users/tennis/Library/Application Support/Pebble SDK/SDKs/current/sdk-core/pebble/aplite/lib/libpebble.a(tmp7jpKUopebble.o)
                0x000000000000180c                text_layer_create
 .text.text_layer_destroy
                0x0000000000001818        0xc /Users/tennis/Library/Application Support/Pebble SDK/SDKs/current/sdk-core/pebble/aplite/lib/libpebble.a(tmp7jpKUopebble.o)
                0x0000000000001818                text_layer_destroy
 .text.text_layer_get_layer
                0x0000000000001824        0xc /Users/tennis/Library/Application Support/Pebble SDK/SDKs/current/sdk-core/pebble/aplite/lib/libpebble.a(tmp7jpKUopebble.o)
                0x0000000000001824                text_layer_get_layer
 .text.text_layer_set_background_color
                0x0000000000001830        0xc /Users/tennis/Library/Application Support/Pebble SDK/SDKs/current/sdk-core/pebble/aplite/lib/libpebble.a(tmp7jpKUopebble.o)
                0x0000000000001830                text_layer_set_background_color
 .text.text_layer_set_font
                0x000000000000183c        0xc /Users/tennis/Library/Application Support/Pebble SDK/SDKs/current/sdk-core/pebble/aplite/lib/libpebble.a(tmp7jpKUopebble.o)
                0x000000000000183c                text_layer_set_font
 .text.text_layer_set_text
                0x0000000000001848        0xc /Users/tennis/Library/Application Support/Pebble SDK/SDKs/current/sdk-core/pebble/aplite/lib/libpebble.a(tmp7jpKUopebble.o)
                0x0000000000001848                text_layer_set_text
 .text.text_layer_set_text_alignment
                0x0000000000001854        0xc /Users/tennis/Library/Application Support/Pebble SDK/SDKs/current/sdk-core/pebble/aplite/lib/libpebble.a(tmp7jpKUopebble.o)
                0x0000000000001854                text_layer_set_text_alignment
 .text.text_layer_set_text_color
                0x0000000000001860        0xc /Users/tennis/Library/Application Support/Pebble SDK/SDKs/current/sdk-core/pebble/aplite/lib/libpebble.a(tmp7jpKUopebble.o)
                0x0000000000001860                text_layer_set_text_color
 .text.time     0x000000000000186c        0xc /Users/tennis/Library/Application Support/Pebble SDK/SDKs/current/sdk-core/pebble/aplite/lib/libpebble.a(tmp7jpKUopebble.o)
                0x000000000000186c                time
 .text.menu_layer_set_normal_colors
                0x0000000000001878        0xc /Users/tennis/Library/Application Support/Pebble SDK/SDKs/current/sdk-core/pebble/aplite/lib/libpebble.a(tmp7jpKUopebble.o)
                0x0000000000001878                menu_layer_set_normal_colors
 .text.menu_layer_set_callbacks
                0x0000000000001884        0xc /Users/tennis/Library/Application Support/Pebble SDK/SDKs/current/sdk-core/pebble/aplite/lib/libpebble.a(tmp7jpKUopebble.o)
                0x0000000000001884                menu_layer_set_callbacks
 .text.time_ms  0x0000000000001890        0xc /Users/tennis/Library/Application Support/Pebble SDK/SDKs/current/sdk-core/pebble/aplite/lib/libpebble.a(tmp7jpKUopebble.o)
                0x0000000000001890                time_ms
 .text.grect_inset
                0x000000000000189c        0xc /Users/tennis/Library/Application Support/Pebble SDK/SDKs/current/sdk-core/pebble/aplite/lib/libpebble.a(tmp7jpKUopebble.o)
                0x000000000000189c                grect_inset
 *(.rodata)
 *(.rodata*)
 .rodata.str1.1
                0x00000000000018a8       0x27 src/c/dialog_choice_window.c.25.o
 *fill*         0x00000000000018cf        0x1 
 .rodata.label_insets.7485
                0x00000000000018d0        0x8 src/c/dialog_choice_window.c.25.o
 .rodata.icon_insets.7484
                0x00000000000018d8        0x8 src/c/dialog_choice_window.c.25.o
 .rodata.str1.1
                0x00000000000018e0       0x93 src/c/main.c.25.o
                                         0xa3 (size before relaxing)
 .rodata.str1.1
                0x0000000000001973       0x3c src/c/menuHandler.c.25.o
                                         0x4d (size before relaxing)
 .rodata.str1.1
                0x00000000000019af       0xbb src/c/testDetails.c.25.o
                                         0xc8 (size before relaxing)
 .rodata.str1.1
                0x0000000000001a6a       0x3d src/c/timeCalculator.c.25.o

.glue_7         0x0000000000001aa8        0x0
 .glue_7        0x0000000000000000        0x0 linker stubs

.glue_7t        0x0000000000001aa8        0x0
 .glue_7t       0x0000000000000000        0x0 linker stubs

.vfp11_veneer   0x0000000000001aa8        0x0
 .vfp11_veneer  0x0000000000000000        0x0 linker stubs

.v4_bx          0x0000000000001aa8        0x0
 .v4_bx         0x0000000000000000        0x0 linker stubs

.iplt           0x0000000000001aa8        0x0
 .iplt          0x0000000000000000        0x0 /usr/local/Cellar/pebble-toolchain/2.0/arm-cs-tools/bin/../lib/gcc/arm-none-eabi/4.7.2/thumb2/crtbegin.o

.rel.dyn        0x0000000000001aa8        0x0
 .rel.iplt      0x0000000000000000        0x0 /usr/local/Cellar/pebble-toolchain/2.0/arm-cs-tools/bin/../lib/gcc/arm-none-eabi/4.7.2/thumb2/crtbegin.o
 .rel.got       0x0000000000000000        0x0 /usr/local/Cellar/pebble-toolchain/2.0/arm-cs-tools/bin/../lib/gcc/arm-none-eabi/4.7.2/thumb2/crtbegin.o

.data           0x0000000000001aa8      0x530
 *(.data)
 .data          0x0000000000001aa8        0x0 /usr/local/Cellar/pebble-toolchain/2.0/arm-cs-tools/bin/../lib/gcc/arm-none-eabi/4.7.2/thumb2/crti.o
 .data          0x0000000000001aa8        0x4 /usr/local/Cellar/pebble-toolchain/2.0/arm-cs-tools/bin/../lib/gcc/arm-none-eabi/4.7.2/thumb2/crtbegin.o
                0x0000000000001aa8                __dso_handle
 .data          0x0000000000001aac        0x0 src/c/constants.c.25.o
 .data          0x0000000000001aac        0x0 src/c/dialog_choice_window.c.25.o
 .data          0x0000000000001aac        0x0 src/c/main.c.25.o
 .data          0x0000000000001aac        0x0 src/c/menuHandler.c.25.o
 .data          0x0000000000001aac      0x120 src/c/testDetails.c.25.o
 .data          0x0000000000001bcc        0x0 src/c/testMain.c.25.o
 .data          0x0000000000001bcc        0x0 src/c/timeCalculator.c.25.o
 .data          0x0000000000001bcc        0x0 aplite/appinfo.auto.c.25.o
 .data          0x0000000000001bcc        0x0 aplite/src/resource_ids.auto.c.25.o
 .data          0x0000000000001bcc        0x0 /Users/tennis/Library/Application Support/Pebble SDK/SDKs/current/sdk-core/pebble/aplite/lib/libpebble.a(tmp7jpKUopebble.o)
 .data          0x0000000000001bcc        0x0 /usr/local/Cellar/pebble-toolchain/2.0/arm-cs-tools/bin/../lib/gcc/arm-none-eabi/4.7.2/thumb2/crtend.o
 .data          0x0000000000001bcc        0x0 /usr/local/Cellar/pebble-toolchain/2.0/arm-cs-tools/bin/../lib/gcc/arm-none-eabi/4.7.2/thumb2/crtn.o
 *(.data.*)
 .data.epochTime
                0x0000000000001bcc        0x4 src/c/constants.c.25.o
                0x0000000000001bcc                epochTime
 .data.rel.ro.local.s_events
                0x0000000000001bd0       0x20 src/c/main.c.25.o
 .data.rel.ro.local.sub_click_providers
                0x0000000000001bf0       0x60 src/c/main.c.25.o
 .data.s_next_planned.7637
                0x0000000000001c50        0x9 src/c/main.c.25.o
 *fill*         0x0000000000001c59        0x3 
 .data.rel.local.layerStores
                0x0000000000001c5c      0x1d4 src/c/main.c.25.o
 .data.rel.local.windowStores
                0x0000000000001e30       0x30 src/c/main.c.25.o
 .data.s_lineOffset
                0x0000000000001e60       0x60 src/c/main.c.25.o
 .data.s_time_tdsext.7634
                0x0000000000001ec0        0x9 src/c/main.c.25.o
 *fill*         0x0000000000001ec9        0x3 
 .data.rel.local.timeFormats
                0x0000000000001ecc       0x3c src/c/menuHandler.c.25.o
                0x0000000000001ecc                timeFormats
 .data.s_countDownBands
                0x0000000000001f08        0x4 src/c/timeCalculator.c.25.o
 .data.s_lastBandPercentOfMax
                0x0000000000001f0c        0x4 src/c/timeCalculator.c.25.o
 .data.s_countDownBand
                0x0000000000001f10       0xc8 src/c/timeCalculator.c.25.o

.igot.plt       0x0000000000001fd8        0x0
 .igot.plt      0x0000000000000000        0x0 /usr/local/Cellar/pebble-toolchain/2.0/arm-cs-tools/bin/../lib/gcc/arm-none-eabi/4.7.2/thumb2/crtbegin.o

.got            0x0000000000001fd8        0xc
 .got           0x0000000000001fd8        0xc /usr/local/Cellar/pebble-toolchain/2.0/arm-cs-tools/bin/../lib/gcc/arm-none-eabi/4.7.2/thumb2/crtbegin.o

.got.plt        0x0000000000001fe4        0xc
 .got.plt       0x0000000000001fe4        0xc /usr/local/Cellar/pebble-toolchain/2.0/arm-cs-tools/bin/../lib/gcc/arm-none-eabi/4.7.2/thumb2/crtbegin.o
                0x0000000000001fe4                _GLOBAL_OFFSET_TABLE_

.bss            0x0000000000001ff0      0x358
 *(.bss)
 *(.bss.*)
 .bss.s_cross_bitmap
                0x0000000000001ff0        0x4 src/c/dialog_choice_window.c.25.o
 .bss.s_tick_bitmap
                0x0000000000001ff4        0x4 src/c/dialog_choice_window.c.25.o
 .bss.s_action_bar_layer
                0x0000000000001ff8        0x4 src/c/dialog_choice_window.c.25.o
 .bss.s_icon_layer
                0x0000000000001ffc        0x4 src/c/dialog_choice_window.c.25.o
 .bss.s_label_layer
                0x0000000000002000        0x4 src/c/dialog_choice_window.c.25.o
 .bss.s_icon_bitmap
                0x0000000000002004        0x4 src/c/dialog_choice_window.c.25.o
 .bss.pointerOffset
                0x0000000000002008       0x60 src/c/main.c.25.o
 .bss.s_info_bitmap
                0x0000000000002068        0x4 src/c/main.c.25.o
 .bss.upCP      0x000000000000206c        0x4 src/c/main.c.25.o
 .bss.s_cross_bitmap
                0x0000000000002070        0x4 src/c/main.c.25.o
 .bss.s_drawHeight
                0x0000000000002074        0x4 src/c/main.c.25.o
 .bss.s_buffer2.7628
                0x0000000000002078        0x9 src/c/main.c.25.o
 *fill*         0x0000000000002081        0x3 
 .bss.s_drawWidth
                0x0000000000002084        0x4 src/c/main.c.25.o
 .bss.s_play_bitmap
                0x0000000000002088        0x4 src/c/main.c.25.o
 .bss.selectCP  0x000000000000208c        0x4 src/c/main.c.25.o
 .bss.s_next_bitmap
                0x0000000000002090        0x4 src/c/main.c.25.o
 .bss.s_empty_bitmap
                0x0000000000002094        0x4 src/c/main.c.25.o
 .bss.currTickHand
                0x0000000000002098        0x4 src/c/main.c.25.o
 .bss.s_projectedFinishTime
                0x000000000000209c        0x4 src/c/main.c.25.o
 .bss.s_revertToDisplay
                0x00000000000020a0        0x4 src/c/main.c.25.o
 .bss.s_pause_bitmap
                0x00000000000020a4        0x4 src/c/main.c.25.o
 .bss.s_buffer1.7627
                0x00000000000020a8        0x9 src/c/main.c.25.o
 *fill*         0x00000000000020b1        0x3 
 .bss.s_settings_bitmap
                0x00000000000020b4        0x4 src/c/main.c.25.o
 .bss.downCP    0x00000000000020b8        0x4 src/c/main.c.25.o
 .bss.s_plannedTotalTime
                0x00000000000020bc        0x4 src/c/menuHandler.c.25.o
 .bss.s_actualTotalTime
                0x00000000000020c0        0x4 src/c/menuHandler.c.25.o
 .bss.s_actualTime
                0x00000000000020c4       0xc8 src/c/menuHandler.c.25.o
 .bss.s_numTimes
                0x000000000000218c        0x4 src/c/menuHandler.c.25.o
 .bss.s_plannedTime
                0x0000000000002190       0xc8 src/c/menuHandler.c.25.o
 .bss.s_showActualTines
                0x0000000000002258        0x1 src/c/menuHandler.c.25.o
 *fill*         0x0000000000002259        0x3 
 .bss.s_menu_layer
                0x000000000000225c        0x4 src/c/menuHandler.c.25.o
 .bss.pauseFunctionP
                0x0000000000002260        0x4 src/c/timeCalculator.c.25.o
 .bss.s_finishedOneSet
                0x0000000000002264        0x1 src/c/timeCalculator.c.25.o
 *fill*         0x0000000000002265        0x3 
 .bss.s_realStartTime
                0x0000000000002268        0x4 src/c/timeCalculator.c.25.o
 .bss.s_totalBandTime
                0x000000000000226c        0x4 src/c/timeCalculator.c.25.o
 .bss.startFunctionP
                0x0000000000002270        0x4 src/c/timeCalculator.c.25.o
 .bss.s_pauseTime
                0x0000000000002274        0x4 src/c/timeCalculator.c.25.o
 .bss.s_lastConfirmedBand
                0x0000000000002278        0x4 src/c/timeCalculator.c.25.o
 .bss.s_actualTimes
                0x000000000000227c       0xc8 src/c/timeCalculator.c.25.o
 .bss.s_startTime
                0x0000000000002344        0x4 src/c/timeCalculator.c.25.o

DISCARD
 libc.a(*)
 libm.a(*)
 libgcc.a(*)
 *(.eh_frame)
OUTPUT(/Users/tennis/Workspace/marathonSplit/build/aplite/pebble-app.elf elf32-littlearm)

.ARM.attributes
                0x0000000000000000       0x27
 .ARM.attributes
                0x0000000000000000       0x19 /usr/local/Cellar/pebble-toolchain/2.0/arm-cs-tools/bin/../lib/gcc/arm-none-eabi/4.7.2/thumb2/crti.o
 .ARM.attributes
                0x0000000000000019       0x29 /usr/local/Cellar/pebble-toolchain/2.0/arm-cs-tools/bin/../lib/gcc/arm-none-eabi/4.7.2/thumb2/crtbegin.o
 .ARM.attributes
                0x0000000000000042       0x33 src/c/constants.c.25.o
 .ARM.attributes
                0x0000000000000075       0x33 src/c/dialog_choice_window.c.25.o
 .ARM.attributes
                0x00000000000000a8       0x33 src/c/main.c.25.o
 .ARM.attributes
                0x00000000000000db       0x33 src/c/menuHandler.c.25.o
 .ARM.attributes
                0x000000000000010e       0x33 src/c/testDetails.c.25.o
 .ARM.attributes
                0x0000000000000141       0x33 src/c/testMain.c.25.o
 .ARM.attributes
                0x0000000000000174       0x33 src/c/timeCalculator.c.25.o
 .ARM.attributes
                0x00000000000001a7       0x33 aplite/appinfo.auto.c.25.o
 .ARM.attributes
                0x00000000000001da       0x33 aplite/src/resource_ids.auto.c.25.o
 .ARM.attributes
                0x000000000000020d       0x21 /Users/tennis/Library/Application Support/Pebble SDK/SDKs/current/sdk-core/pebble/aplite/lib/libpebble.a(tmp7jpKUopebble.o)
 .ARM.attributes
                0x000000000000022e       0x29 /usr/local/Cellar/pebble-toolchain/2.0/arm-cs-tools/bin/../lib/gcc/arm-none-eabi/4.7.2/thumb2/crtend.o
 .ARM.attributes
                0x0000000000000257       0x19 /usr/local/Cellar/pebble-toolchain/2.0/arm-cs-tools/bin/../lib/gcc/arm-none-eabi/4.7.2/thumb2/crtn.o

.comment        0x0000000000000000       0x4e
 .comment       0x0000000000000000       0x4e /usr/local/Cellar/pebble-toolchain/2.0/arm-cs-tools/bin/../lib/gcc/arm-none-eabi/4.7.2/thumb2/crtbegin.o
                                         0x4f (size before relaxing)
 .comment       0x0000000000000000       0x4f src/c/constants.c.25.o
 .comment       0x0000000000000000       0x4f src/c/dialog_choice_window.c.25.o
 .comment       0x0000000000000000       0x4f src/c/main.c.25.o
 .comment       0x0000000000000000       0x4f src/c/menuHandler.c.25.o
 .comment       0x0000000000000000       0x4f src/c/testDetails.c.25.o
 .comment       0x0000000000000000       0x4f src/c/testMain.c.25.o
 .comment       0x0000000000000000       0x4f src/c/timeCalculator.c.25.o
 .comment       0x0000000000000000       0x4f aplite/appinfo.auto.c.25.o
 .comment       0x0000000000000000       0x4f aplite/src/resource_ids.auto.c.25.o
 .comment       0x0000000000000000       0x4f /usr/local/Cellar/pebble-toolchain/2.0/arm-cs-tools/bin/../lib/gcc/arm-none-eabi/4.7.2/thumb2/crtend.o

.debug_info     0x0000000000000000     0x669a
 .debug_info    0x0000000000000000      0x1f6 src/c/constants.c.25.o
 .debug_info    0x00000000000001f6      0x890 src/c/dialog_choice_window.c.25.o
 .debug_info    0x0000000000000a86     0x24e5 src/c/main.c.25.o
 .debug_info    0x0000000000002f6b      0xf30 src/c/menuHandler.c.25.o
 .debug_info    0x0000000000003e9b     0x15c7 src/c/testDetails.c.25.o
 .debug_info    0x0000000000005462      0xe1f src/c/timeCalculator.c.25.o
 .debug_info    0x0000000000006281      0x31a aplite/appinfo.auto.c.25.o
 .debug_info    0x000000000000659b       0xff aplite/src/resource_ids.auto.c.25.o

.debug_abbrev   0x0000000000000000     0x1217
 .debug_abbrev  0x0000000000000000       0xf7 src/c/constants.c.25.o
 .debug_abbrev  0x00000000000000f7      0x1ce src/c/dialog_choice_window.c.25.o
 .debug_abbrev  0x00000000000002c5      0x508 src/c/main.c.25.o
 .debug_abbrev  0x00000000000007cd      0x313 src/c/menuHandler.c.25.o
 .debug_abbrev  0x0000000000000ae0      0x246 src/c/testDetails.c.25.o
 .debug_abbrev  0x0000000000000d26      0x40f src/c/timeCalculator.c.25.o
 .debug_abbrev  0x0000000000001135       0x9e aplite/appinfo.auto.c.25.o
 .debug_abbrev  0x00000000000011d3       0x44 aplite/src/resource_ids.auto.c.25.o

.debug_loc      0x0000000000000000     0x2b85
 .debug_loc     0x0000000000000000       0xe6 src/c/constants.c.25.o
 .debug_loc     0x00000000000000e6       0xb4 src/c/dialog_choice_window.c.25.o
 .debug_loc     0x000000000000019a      0xc5b src/c/main.c.25.o
 .debug_loc     0x0000000000000df5      0x70b src/c/menuHandler.c.25.o
 .debug_loc     0x0000000000001500      0xb63 src/c/testDetails.c.25.o
 .debug_loc     0x0000000000002063      0xb22 src/c/timeCalculator.c.25.o

.debug_aranges  0x0000000000000000      0x408
 .debug_aranges
                0x0000000000000000       0x30 src/c/constants.c.25.o
 .debug_aranges
                0x0000000000000030       0x28 src/c/dialog_choice_window.c.25.o
 .debug_aranges
                0x0000000000000058      0x128 src/c/main.c.25.o
 .debug_aranges
                0x0000000000000180       0x88 src/c/menuHandler.c.25.o
 .debug_aranges
                0x0000000000000208       0xa0 src/c/testDetails.c.25.o
 .debug_aranges
                0x00000000000002a8      0x130 src/c/timeCalculator.c.25.o
 .debug_aranges
                0x00000000000003d8       0x18 aplite/appinfo.auto.c.25.o
 .debug_aranges
                0x00000000000003f0       0x18 aplite/src/resource_ids.auto.c.25.o

.debug_ranges   0x0000000000000000      0x6d8
 .debug_ranges  0x0000000000000000       0x20 src/c/constants.c.25.o
 .debug_ranges  0x0000000000000020       0x18 src/c/dialog_choice_window.c.25.o
 .debug_ranges  0x0000000000000038      0x2b8 src/c/main.c.25.o
 .debug_ranges  0x00000000000002f0       0xc0 src/c/menuHandler.c.25.o
 .debug_ranges  0x00000000000003b0      0x138 src/c/testDetails.c.25.o
 .debug_ranges  0x00000000000004e8      0x1f0 src/c/timeCalculator.c.25.o

.debug_line     0x0000000000000000     0x19d5
 .debug_line    0x0000000000000000      0x1f3 src/c/constants.c.25.o
 .debug_line    0x00000000000001f3      0x181 src/c/dialog_choice_window.c.25.o
 .debug_line    0x0000000000000374      0x68d src/c/main.c.25.o
 .debug_line    0x0000000000000a01      0x3f0 src/c/menuHandler.c.25.o
 .debug_line    0x0000000000000df1      0x43b src/c/testDetails.c.25.o
 .debug_line    0x000000000000122c        0x0 src/c/testMain.c.25.o
 .debug_line    0x000000000000122c      0x5b0 src/c/timeCalculator.c.25.o
 .debug_line    0x00000000000017dc      0x135 aplite/appinfo.auto.c.25.o
 .debug_line    0x0000000000001911       0xc4 aplite/src/resource_ids.auto.c.25.o

.debug_str      0x0000000000000000     0x216e
 .debug_str     0x0000000000000000      0x144 src/c/constants.c.25.o
                                        0x182 (size before relaxing)
 .debug_str     0x0000000000000144      0x46d src/c/dialog_choice_window.c.25.o
                                        0x565 (size before relaxing)
 .debug_str     0x00000000000005b1      0xba1 src/c/main.c.25.o
                                       0x1010 (size before relaxing)
 .debug_str     0x0000000000001152      0x5d9 src/c/menuHandler.c.25.o
                                        0x841 (size before relaxing)
 .debug_str     0x000000000000172b      0x2fe src/c/testDetails.c.25.o
                                        0x4b6 (size before relaxing)
 .debug_str     0x0000000000001a29      0x466 src/c/timeCalculator.c.25.o
                                        0x724 (size before relaxing)
 .debug_str     0x0000000000001e8f      0x22f aplite/appinfo.auto.c.25.o
                                        0x31a (size before relaxing)
 .debug_str     0x00000000000020be       0xb0 aplite/src/resource_ids.auto.c.25.o
                                        0x175 (size before relaxing)

.debug_frame    0x0000000000000000      0xa68
 .debug_frame   0x0000000000000000       0x48 src/c/constants.c.25.o
 .debug_frame   0x0000000000000048       0x4c src/c/dialog_choice_window.c.25.o
 .debug_frame   0x0000000000000094      0x370 src/c/main.c.25.o
 .debug_frame   0x0000000000000404      0x15c src/c/menuHandler.c.25.o
 .debug_frame   0x0000000000000560      0x200 src/c/testDetails.c.25.o
 .debug_frame   0x0000000000000760      0x308 src/c/timeCalculator.c.25.o
